Archive member included because of file (symbol)

c:/winavr-20100110/bin/../lib/gcc/avr/4.3.3/avr5\libgcc.a(_divmodsi4.o)
                              GenericHID.o (__divmodsi4)
c:/winavr-20100110/bin/../lib/gcc/avr/4.3.3/avr5\libgcc.a(_exit.o)
                              c:/winavr-20100110/bin/../lib/gcc/avr/4.3.3/../../../../avr/lib/avr5/crtm32u4.o (exit)
c:/winavr-20100110/bin/../lib/gcc/avr/4.3.3/avr5\libgcc.a(_copy_data.o)
                              GenericHID.o (__do_copy_data)
c:/winavr-20100110/bin/../lib/gcc/avr/4.3.3/avr5\libgcc.a(_clear_bss.o)
                              GenericHID.o (__do_clear_bss)
c:/winavr-20100110/bin/../lib/gcc/avr/4.3.3/avr5\libgcc.a(_udivmodsi4.o)
                              c:/winavr-20100110/bin/../lib/gcc/avr/4.3.3/avr5\libgcc.a(_divmodsi4.o) (__udivmodsi4)
c:/winavr-20100110/bin/../lib/gcc/avr/4.3.3/../../../../avr/lib/avr5\libc.a(memcpy_P.o)
                              ../../../../LUFA/Drivers/USB/Class/Device/RNDISClassDevice.o (memcpy_P)
c:/winavr-20100110/bin/../lib/gcc/avr/4.3.3/../../../../avr/lib/avr5\libc.a(memcmp.o)
                              ../../../../LUFA/Drivers/USB/Class/Device/HIDClassDevice.o (memcmp)
c:/winavr-20100110/bin/../lib/gcc/avr/4.3.3/../../../../avr/lib/avr5\libc.a(memcpy.o)
                              ../../../../LUFA/Drivers/USB/Class/Device/HIDClassDevice.o (memcpy)
c:/winavr-20100110/bin/../lib/gcc/avr/4.3.3/../../../../avr/lib/avr5\libc.a(memset.o)
                              ../../../../LUFA/Drivers/USB/Class/Device/HIDClassDevice.o (memset)
c:/winavr-20100110/bin/../lib/gcc/avr/4.3.3/../../../../avr/lib/avr5\libc.a(eerd_byte_atmega32u4.o)
                              ../../../../LUFA/Drivers/USB/Core/AVR8/EndpointStream_AVR8.o (__eerd_byte_m32u4)
c:/winavr-20100110/bin/../lib/gcc/avr/4.3.3/../../../../avr/lib/avr5\libc.a(eeupd_byte_atmega32u4.o)
                              ../../../../LUFA/Drivers/USB/Core/AVR8/EndpointStream_AVR8.o (__eeupd_byte_m32u4)

Allocating common symbols
Common symbol       size              file

b                   0x100             GenericHID.o
USB_IsInitialized   0x1               ../../../../LUFA/Drivers/USB/Core/USBTask.o
USB_DeviceState     0x1               ../../../../LUFA/Drivers/USB/Core/USBTask.o
USB_Device_ConfigurationNumber
                    0x1               ../../../../LUFA/Drivers/USB/Core/DeviceStandardReq.o
USB_Device_CurrentlySelfPowered
                    0x1               ../../../../LUFA/Drivers/USB/Core/DeviceStandardReq.o
USB_ControlRequest  0x8               ../../../../LUFA/Drivers/USB/Core/USBTask.o
USB_Device_RemoteWakeupEnabled
                    0x1               ../../../../LUFA/Drivers/USB/Core/DeviceStandardReq.o

Discarded input sections

 .data          0x00000000        0x0 c:/winavr-20100110/bin/../lib/gcc/avr/4.3.3/../../../../avr/lib/avr5/crtm32u4.o
 .bss           0x00000000        0x0 c:/winavr-20100110/bin/../lib/gcc/avr/4.3.3/../../../../avr/lib/avr5/crtm32u4.o
 .text          0x00000000        0x0 GenericHID.o
 .text          0x00000000        0x0 Descriptors.o
 .data          0x00000000        0x0 Descriptors.o
 .bss           0x00000000        0x0 Descriptors.o
 .text          0x00000000        0x0 ../../../../LUFA/Drivers/USB/Class/Common/HIDParser.o
 .data          0x00000000        0x0 ../../../../LUFA/Drivers/USB/Class/Common/HIDParser.o
 .bss           0x00000000        0x0 ../../../../LUFA/Drivers/USB/Class/Common/HIDParser.o
 .text.USB_GetHIDReportItemInfo
                0x00000000        0x0 ../../../../LUFA/Drivers/USB/Class/Common/HIDParser.o
 .text.USB_SetHIDReportItemInfo
                0x00000000        0x0 ../../../../LUFA/Drivers/USB/Class/Common/HIDParser.o
 .text.USB_GetHIDReportSize
                0x00000000        0x0 ../../../../LUFA/Drivers/USB/Class/Common/HIDParser.o
 .text.USB_ProcessHIDReport
                0x00000000        0x0 ../../../../LUFA/Drivers/USB/Class/Common/HIDParser.o
 .text          0x00000000        0x0 ../../../../LUFA/Drivers/USB/Core/AVR8/Device_AVR8.o
 .data          0x00000000        0x0 ../../../../LUFA/Drivers/USB/Core/AVR8/Device_AVR8.o
 .bss           0x00000000        0x0 ../../../../LUFA/Drivers/USB/Core/AVR8/Device_AVR8.o
 .text.USB_Device_SendRemoteWakeup
                0x00000000        0x0 ../../../../LUFA/Drivers/USB/Core/AVR8/Device_AVR8.o
 .text          0x00000000        0x0 ../../../../LUFA/Drivers/USB/Core/AVR8/EndpointStream_AVR8.o
 .data          0x00000000        0x0 ../../../../LUFA/Drivers/USB/Core/AVR8/EndpointStream_AVR8.o
 .bss           0x00000000        0x0 ../../../../LUFA/Drivers/USB/Core/AVR8/EndpointStream_AVR8.o
 .text.Endpoint_Write_Control_Stream_BE
                0x00000000        0x0 ../../../../LUFA/Drivers/USB/Core/AVR8/EndpointStream_AVR8.o
 .text.Endpoint_Read_Control_Stream_BE
                0x00000000        0x0 ../../../../LUFA/Drivers/USB/Core/AVR8/EndpointStream_AVR8.o
[...]
Memory Configuration

Name             Origin             Length             Attributes
text             0x00000000         0x00020000         xr
data             0x00800060         0x0000ffa0         rw !x
eeprom           0x00810000         0x00010000         rw !x
fuse             0x00820000         0x00000400         rw !x
lock             0x00830000         0x00000400         rw !x
signature        0x00840000         0x00000400         rw !x
*default*        0x00000000         0xffffffff

Linker script and memory map

Address of section .data set to 0x800100
LOAD c:/winavr-20100110/bin/../lib/gcc/avr/4.3.3/../../../../avr/lib/avr5/crtm32u4.o
LOAD GenericHID.o
LOAD Descriptors.o
LOAD ../../../../LUFA/Drivers/USB/Class/Common/HIDParser.o
LOAD ../../../../LUFA/Drivers/USB/Core/AVR8/Device_AVR8.o
LOAD ../../../../LUFA/Drivers/USB/Core/AVR8/EndpointStream_AVR8.o
LOAD ../../../../LUFA/Drivers/USB/Core/AVR8/Endpoint_AVR8.o
LOAD ../../../../LUFA/Drivers/USB/Core/AVR8/Host_AVR8.o
LOAD ../../../../LUFA/Drivers/USB/Core/AVR8/PipeStream_AVR8.o
LOAD ../../../../LUFA/Drivers/USB/Core/AVR8/Pipe_AVR8.o
LOAD ../../../../LUFA/Drivers/USB/Core/AVR8/USBController_AVR8.o
LOAD ../../../../LUFA/Drivers/USB/Core/AVR8/USBInterrupt_AVR8.o
LOAD ../../../../LUFA/Drivers/USB/Core/ConfigDescriptors.o
LOAD ../../../../LUFA/Drivers/USB/Core/DeviceStandardReq.o
LOAD ../../../../LUFA/Drivers/USB/Core/Events.o
LOAD ../../../../LUFA/Drivers/USB/Core/HostStandardReq.o
LOAD ../../../../LUFA/Drivers/USB/Core/USBTask.o
LOAD ../../../../LUFA/Drivers/USB/Class/Device/AudioClassDevice.o
LOAD ../../../../LUFA/Drivers/USB/Class/Device/CDCClassDevice.o
LOAD ../../../../LUFA/Drivers/USB/Class/Device/HIDClassDevice.o
LOAD ../../../../LUFA/Drivers/USB/Class/Device/MassStorageClassDevice.o
LOAD ../../../../LUFA/Drivers/USB/Class/Device/MIDIClassDevice.o
LOAD ../../../../LUFA/Drivers/USB/Class/Device/PrinterClassDevice.o
LOAD ../../../../LUFA/Drivers/USB/Class/Device/RNDISClassDevice.o
LOAD ../../../../LUFA/Drivers/USB/Class/Host/AndroidAccessoryClassHost.o
LOAD ../../../../LUFA/Drivers/USB/Class/Host/AudioClassHost.o
LOAD ../../../../LUFA/Drivers/USB/Class/Host/CDCClassHost.o
LOAD ../../../../LUFA/Drivers/USB/Class/Host/HIDClassHost.o
LOAD ../../../../LUFA/Drivers/USB/Class/Host/MassStorageClassHost.o
LOAD ../../../../LUFA/Drivers/USB/Class/Host/MIDIClassHost.o
LOAD ../../../../LUFA/Drivers/USB/Class/Host/PrinterClassHost.o
LOAD ../../../../LUFA/Drivers/USB/Class/Host/RNDISClassHost.o
LOAD ../../../../LUFA/Drivers/USB/Class/Host/StillImageClassHost.o
LOAD c:/winavr-20100110/bin/../lib/gcc/avr/4.3.3/../../../../avr/lib/avr5\libm.a
LOAD c:/winavr-20100110/bin/../lib/gcc/avr/4.3.3/avr5\libgcc.a
LOAD c:/winavr-20100110/bin/../lib/gcc/avr/4.3.3/../../../../avr/lib/avr5\libc.a
LOAD c:/winavr-20100110/bin/../lib/gcc/avr/4.3.3/avr5\libgcc.a

.hash
 *(.hash)

.dynsym
 *(.dynsym)

.dynstr
 *(.dynstr)

.gnu.version
 *(.gnu.version)

.gnu.version_d
 *(.gnu.version_d)

.gnu.version_r
 *(.gnu.version_r)

.rel.init
 *(.rel.init)

.rela.init
 *(.rela.init)

.rel.text
 *(.rel.text)
 *(.rel.text.*)
 *(.rel.gnu.linkonce.t*)

.rela.text
 *(.rela.text)
 *(.rela.text.*)
 *(.rela.gnu.linkonce.t*)

.rel.fini
 *(.rel.fini)

.rela.fini
 *(.rela.fini)

.rel.rodata
 *(.rel.rodata)
 *(.rel.rodata.*)
 *(.rel.gnu.linkonce.r*)

.rela.rodata
 *(.rela.rodata)
 *(.rela.rodata.*)
 *(.rela.gnu.linkonce.r*)

.rel.data
 *(.rel.data)
 *(.rel.data.*)
 *(.rel.gnu.linkonce.d*)

.rela.data
 *(.rela.data)
 *(.rela.data.*)
 *(.rela.gnu.linkonce.d*)

.rel.ctors
 *(.rel.ctors)

.rela.ctors
 *(.rela.ctors)

.rel.dtors
 *(.rel.dtors)

.rela.dtors
 *(.rela.dtors)

.rel.got
 *(.rel.got)

.rela.got
 *(.rela.got)

.rel.bss
 *(.rel.bss)

.rela.bss
 *(.rela.bss)

.rel.plt
 *(.rel.plt)

.rela.plt
 *(.rela.plt)

.text           0x00000000     0x134e
 *(.vectors)
 .vectors       0x00000000       0xac c:/winavr-20100110/bin/../lib/gcc/avr/4.3.3/../../../../avr/lib/avr5/crtm32u4.o
                0x00000000                __vectors
                0x00000000                __vector_default
 *(.vectors)
 *(.progmem.gcc*)
 *(.progmem*)
 .progmem.data  0x000000ac       0x98 Descriptors.o
                0x000000ac                GenericReport
                0x00000104                ManufacturerString
                0x00000100                LanguageString
                0x000000cc                DeviceDescriptor
                0x0000012e                ProductString
                0x000000de                ConfigurationDescriptor
                0x00000144                . = ALIGN (0x2)
                0x00000144                __trampolines_start = .
 *(.trampolines)
 .trampolines   0x00000144        0x0 linker stubs
 *(.trampolines*)
                0x00000144                __trampolines_end = .
 *(.jumptables)
 *(.jumptables*)
 *(.lowtext)
 *(.lowtext*)
                0x00000144                __ctors_start = .
 *(.ctors)
                0x00000144                __ctors_end = .
                0x00000144                __dtors_start = .
 *(.dtors)
                0x00000144                __dtors_end = .
 SORT(*)(.ctors)
 SORT(*)(.dtors)
 *(.init0)
 .init0         0x00000144        0x0 c:/winavr-20100110/bin/../lib/gcc/avr/4.3.3/../../../../avr/lib/avr5/crtm32u4.o
                0x00000144                __init
 *(.init0)
 *(.init1)
 *(.init1)
 *(.init2)
 .init2         0x00000144        0xc c:/winavr-20100110/bin/../lib/gcc/avr/4.3.3/../../../../avr/lib/avr5/crtm32u4.o
 *(.init2)
 *(.init3)
 *(.init3)
 *(.init4)
 .init4         0x00000150       0x16 c:/winavr-20100110/bin/../lib/gcc/avr/4.3.3/avr5\libgcc.a(_copy_data.o)
                0x00000150                __do_copy_data
 .init4         0x00000166       0x10 c:/winavr-20100110/bin/../lib/gcc/avr/4.3.3/avr5\libgcc.a(_clear_bss.o)
                0x00000166                __do_clear_bss
 *(.init4)
 *(.init5)
 *(.init5)
 *(.init6)
 *(.init6)
 *(.init7)
 *(.init7)
 *(.init8)
 *(.init8)
 *(.init9)
 .init9         0x00000176        0x6 c:/winavr-20100110/bin/../lib/gcc/avr/4.3.3/../../../../avr/lib/avr5/crtm32u4.o
 *(.init9)
 *(.text)
 .text          0x0000017c        0x2 c:/winavr-20100110/bin/../lib/gcc/avr/4.3.3/../../../../avr/lib/avr5/crtm32u4.o
                0x0000017c                __vector_38
                0x0000017c                __vector_22
                0x0000017c                __vector_28
                0x0000017c                __vector_1
                0x0000017c                __vector_32
                0x0000017c                __vector_34
                0x0000017c                __vector_24
                0x0000017c                __vector_12
                0x0000017c                __bad_interrupt
                0x0000017c                __vector_6
                0x0000017c                __vector_31
                0x0000017c                __vector_35
                0x0000017c                __vector_39
                0x0000017c                __vector_3
                0x0000017c                __vector_23
                0x0000017c                __vector_30
                0x0000017c                __vector_25
                0x0000017c                __vector_11
                0x0000017c                __vector_13
                0x0000017c                __vector_17
                0x0000017c                __vector_19
                0x0000017c                __vector_7
                0x0000017c                __vector_41
                0x0000017c                __vector_27
                0x0000017c                __vector_5
                0x0000017c                __vector_33
                0x0000017c                __vector_37
                0x0000017c                __vector_4
                0x0000017c                __vector_9
                0x0000017c                __vector_2
                0x0000017c                __vector_21
                0x0000017c                __vector_15
                0x0000017c                __vector_36
                0x0000017c                __vector_29
                0x0000017c                __vector_40
                0x0000017c                __vector_8
                0x0000017c                __vector_26
                0x0000017c                __vector_14
                0x0000017c                __vector_16
                0x0000017c                __vector_18
                0x0000017c                __vector_20
                0x0000017c                __vector_42
                0x0000017e                . = ALIGN (0x2)
 *(.text.*)
 .text.EVENT_USB_Device_Connect
                0x0000017e        0xa GenericHID.o
                0x0000017e                EVENT_USB_Device_Connect
 .text.EVENT_USB_Device_Disconnect
                0x00000188        0xa GenericHID.o
                0x00000188                EVENT_USB_Device_Disconnect
 .text.EVENT_USB_Device_StartOfFrame
                0x00000192       0x18 GenericHID.o
                0x00000192                EVENT_USB_Device_StartOfFrame
 .text.CALLBACK_HID_Device_CreateHIDReport
                0x000001aa       0x5a GenericHID.o
                0x000001aa                CALLBACK_HID_Device_CreateHIDReport
 .text.spi_transfer
                0x00000204       0x24 GenericHID.o
                0x00000204                spi_transfer
 .text.SPI_write
                0x00000228      0x164 GenericHID.o
                0x00000228                SPI_write
 .text.CALLBACK_HID_Device_ProcessHIDReport
                0x0000038c        0x4 GenericHID.o
                0x0000038c                CALLBACK_HID_Device_ProcessHIDReport
 .text.EVENT_USB_Device_ControlRequest
                0x00000390        0x6 GenericHID.o
                0x00000390                EVENT_USB_Device_ControlRequest
 .text.EVENT_USB_Device_ConfigurationChanged
                0x00000396       0x24 GenericHID.o
                0x00000396                EVENT_USB_Device_ConfigurationChanged
 .text.SetupHardware
                0x000003ba       0x42 GenericHID.o
                0x000003ba                SetupHardware
 .text.main     0x000003fc       0x16 GenericHID.o
                0x000003fc                main
 .text.CALLBACK_USB_GetDescriptor
                0x00000412       0x80 Descriptors.o
                0x00000412                CALLBACK_USB_GetDescriptor
 .text.Endpoint_Write_Control_Stream_LE
                0x00000492       0xcc ../../../../LUFA/Drivers/USB/Core/AVR8/EndpointStream_AVR8.o
                0x00000492                Endpoint_Write_Control_Stream_LE
 .text.Endpoint_Read_Control_Stream_LE
                0x0000055e       0x8c ../../../../LUFA/Drivers/USB/Core/AVR8/EndpointStream_AVR8.o
                0x0000055e                Endpoint_Read_Control_Stream_LE
 .text.Endpoint_Write_Control_PStream_LE
                0x000005ea       0xd0 ../../../../LUFA/Drivers/USB/Core/AVR8/EndpointStream_AVR8.o
                0x000005ea                Endpoint_Write_Control_PStream_LE
 .text.Endpoint_Write_Stream_LE
                0x000006ba       0xa4 ../../../../LUFA/Drivers/USB/Core/AVR8/EndpointStream_AVR8.o
                0x000006ba                Endpoint_Write_Stream_LE
 .text.Endpoint_ConfigureEndpoint_Prv
                0x0000075e       0x70 ../../../../LUFA/Drivers/USB/Core/AVR8/Endpoint_AVR8.o
                0x0000075e                Endpoint_ConfigureEndpoint_Prv
 .text.Endpoint_ConfigureEndpointTable
                0x000007ce       0x78 ../../../../LUFA/Drivers/USB/Core/AVR8/Endpoint_AVR8.o
                0x000007ce                Endpoint_ConfigureEndpointTable
 .text.Endpoint_ClearStatusStage
                0x00000846       0x42 ../../../../LUFA/Drivers/USB/Core/AVR8/Endpoint_AVR8.o
                0x00000846                Endpoint_ClearStatusStage
 .text.Endpoint_WaitUntilReady
                0x00000888       0x64 ../../../../LUFA/Drivers/USB/Core/AVR8/Endpoint_AVR8.o
                0x00000888                Endpoint_WaitUntilReady
 .text.USB_ResetInterface
                0x000008ec       0x88 ../../../../LUFA/Drivers/USB/Core/AVR8/USBController_AVR8.o
                0x000008ec                USB_ResetInterface
 .text.USB_Init
                0x00000974       0x20 ../../../../LUFA/Drivers/USB/Core/AVR8/USBController_AVR8.o
                0x00000974                USB_Init
 .text.USB_INT_DisableAllInterrupts
                0x00000994       0x10 ../../../../LUFA/Drivers/USB/Core/AVR8/USBInterrupt_AVR8.o
                0x00000994                USB_INT_DisableAllInterrupts
 .text.USB_INT_ClearAllInterrupts
                0x000009a4        0xa ../../../../LUFA/Drivers/USB/Core/AVR8/USBInterrupt_AVR8.o
                0x000009a4                USB_INT_ClearAllInterrupts
 .text.__vector_10
                0x000009ae      0x188 ../../../../LUFA/Drivers/USB/Core/AVR8/USBInterrupt_AVR8.o
                0x000009ae                __vector_10
 .text.USB_Device_ProcessControlRequest
                0x00000b36      0x2d0 ../../../../LUFA/Drivers/USB/Core/DeviceStandardReq.o
                0x00000b36                USB_Device_ProcessControlRequest
 .text.USB_Event_Stub
                0x00000e06        0x2 ../../../../LUFA/Drivers/USB/Core/Events.o
                0x00000e06                EVENT_USB_Device_WakeUp
                0x00000e06                USB_Event_Stub
                0x00000e06                EVENT_USB_Device_Suspend
                0x00000e06                EVENT_USB_Device_Reset
 .text.USB_USBTask
                0x00000e08       0x2a ../../../../LUFA/Drivers/USB/Core/USBTask.o
                0x00000e08                USB_USBTask
 .text.HID_Device_USBTask
                0x00000e32      0x19c ../../../../LUFA/Drivers/USB/Class/Device/HIDClassDevice.o
                0x00000e32                HID_Device_USBTask
 .text.HID_Device_ConfigureEndpoints
                0x00000fce       0x42 ../../../../LUFA/Drivers/USB/Class/Device/HIDClassDevice.o
                0x00000fce                HID_Device_ConfigureEndpoints
 .text.HID_Device_ProcessControlRequest
                0x00001010      0x286 ../../../../LUFA/Drivers/USB/Class/Device/HIDClassDevice.o
                0x00001010                HID_Device_ProcessControlRequest
 .text.libgcc   0x00001296       0x36 c:/winavr-20100110/bin/../lib/gcc/avr/4.3.3/avr5\libgcc.a(_divmodsi4.o)
                0x00001296                __divmodsi4
 .text.libgcc   0x000012cc       0x44 c:/winavr-20100110/bin/../lib/gcc/avr/4.3.3/avr5\libgcc.a(_udivmodsi4.o)
                0x000012cc                __udivmodsi4
 .text.avr-libc
                0x00001310       0x1a c:/winavr-20100110/bin/../lib/gcc/avr/4.3.3/../../../../avr/lib/avr5\libc.a(memcmp.o)
                0x00001310                memcmp
 .text.avr-libc
                0x0000132a       0x12 c:/winavr-20100110/bin/../lib/gcc/avr/4.3.3/../../../../avr/lib/avr5\libc.a(memcpy.o)
                0x0000132a                memcpy
 .text.avr-libc
                0x0000133c        0xe c:/winavr-20100110/bin/../lib/gcc/avr/4.3.3/../../../../avr/lib/avr5\libc.a(memset.o)
                0x0000133c                memset
                0x0000134a                . = ALIGN (0x2)
 *(.fini9)
 .fini9         0x0000134a        0x0 c:/winavr-20100110/bin/../lib/gcc/avr/4.3.3/avr5\libgcc.a(_exit.o)
                0x0000134a                exit
                0x0000134a                _exit
 *(.fini9)
 *(.fini8)
 *(.fini8)
 *(.fini7)
 *(.fini7)
 *(.fini6)
 *(.fini6)
 *(.fini5)
 *(.fini5)
 *(.fini4)
 *(.fini4)
 *(.fini3)
 *(.fini3)
 *(.fini2)
 *(.fini2)
 *(.fini1)
 *(.fini1)
 *(.fini0)
 .fini0         0x0000134a        0x4 c:/winavr-20100110/bin/../lib/gcc/avr/4.3.3/avr5\libgcc.a(_exit.o)
 *(.fini0)
                0x0000134e                _etext = .

.data           0x00800100       0x10 load address 0x0000134e
                0x00800100                PROVIDE (__data_start, .)
 *(.data)
 .data          0x00800100       0x10 GenericHID.o
                0x00800100                Generic_HID_Interface
 *(.data*)
 *(.rodata)
 *(.rodata*)
 *(.gnu.linkonce.d*)
                0x00800110                . = ALIGN (0x2)
                0x00800110                _edata = .
                0x00800110                PROVIDE (__data_end, .)

.bss            0x00800110      0x11f
                0x00800110                PROVIDE (__bss_start, .)
 *(.bss)
 .bss           0x00800110       0x12 GenericHID.o
                0x00800118                lednum
                0x00800110                i
                0x00800114                once
 *(.bss*)
 *(COMMON)
 COMMON         0x00800122      0x100 GenericHID.o
                0x00800122                b
 COMMON         0x00800222        0x3 ../../../../LUFA/Drivers/USB/Core/DeviceStandardReq.o
                0x00800222                USB_Device_ConfigurationNumber
                0x00800223                USB_Device_CurrentlySelfPowered
                0x00800224                USB_Device_RemoteWakeupEnabled
 COMMON         0x00800225        0xa ../../../../LUFA/Drivers/USB/Core/USBTask.o
                0x00800225                USB_IsInitialized
                0x00800226                USB_DeviceState
                0x00800227                USB_ControlRequest
                0x0080022f                PROVIDE (__bss_end, .)
                0x0000134e                __data_load_start = LOADADDR (.data)
                0x0000135e                __data_load_end = (__data_load_start + SIZEOF (.data))

.noinit         0x0080022f        0x0
                0x0080022f                PROVIDE (__noinit_start, .)
 *(.noinit*)
                0x0080022f                PROVIDE (__noinit_end, .)
                0x0080022f                _end = .
                0x0080022f                PROVIDE (__heap_start, .)

.eeprom         0x00810000        0x0
 *(.eeprom*)
                0x00810000                __eeprom_end = .

.fuse
 *(.fuse)
 *(.lfuse)
 *(.hfuse)
 *(.efuse)

.lock
 *(.lock*)

.signature
 *(.signature*)

.stab
 *(.stab)

.stabstr
 *(.stabstr)

.stab.excl
 *(.stab.excl)

.stab.exclstr
 *(.stab.exclstr)

.stab.index
 *(.stab.index)

.stab.indexstr
 *(.stab.indexstr)

.comment
 *(.comment)

.debug
 *(.debug)

.line
 *(.line)

.debug_srcinfo
 *(.debug_srcinfo)

.debug_sfnames
 *(.debug_sfnames)

.debug_aranges  0x00000000      0x528
 *(.debug_aranges)
 .debug_aranges
                0x00000000       0x70 GenericHID.o
 .debug_aranges
                0x00000070       0x20 Descriptors.o
 .debug_aranges
                0x00000090       0x38 ../../../../LUFA/Drivers/USB/Class/Common/HIDParser.o
 .debug_aranges
                0x000000c8       0x20 ../../../../LUFA/Drivers/USB/Core/AVR8/Device_AVR8.o
 .debug_aranges
                0x000000e8       0xc8 ../../../../LUFA/Drivers/USB/Core/AVR8/EndpointStream_AVR8.o
 .debug_aranges
                0x000001b0       0x40 ../../../../LUFA/Drivers/USB/Core/AVR8/Endpoint_AVR8.o
 .debug_aranges
                0x000001f0       0x30 ../../../../LUFA/Drivers/USB/Core/AVR8/USBController_AVR8.o
 .debug_aranges
                0x00000220       0x30 ../../../../LUFA/Drivers/USB/Core/AVR8/USBInterrupt_AVR8.o
 .debug_aranges
                0x00000250       0x38 ../../../../LUFA/Drivers/USB/Core/ConfigDescriptors.o
 .debug_aranges
                0x00000288       0x20 ../../../../LUFA/Drivers/USB/Core/DeviceStandardReq.o
 .debug_aranges
                0x000002a8       0x20 ../../../../LUFA/Drivers/USB/Core/Events.o
 .debug_aranges
                0x000002c8       0x20 ../../../../LUFA/Drivers/USB/Core/USBTask.o
 .debug_aranges
                0x000002e8       0x30 ../../../../LUFA/Drivers/USB/Class/Device/AudioClassDevice.o
 .debug_aranges
                0x00000318       0x98 ../../../../LUFA/Drivers/USB/Class/Device/CDCClassDevice.o
 .debug_aranges
                0x000003b0       0x30 ../../../../LUFA/Drivers/USB/Class/Device/HIDClassDevice.o
 .debug_aranges
                0x000003e0       0x30 ../../../../LUFA/Drivers/USB/Class/Device/MassStorageClassDevice.o
 .debug_aranges
                0x00000410       0x40 ../../../../LUFA/Drivers/USB/Class/Device/MIDIClassDevice.o
 .debug_aranges
                0x00000450       0x90 ../../../../LUFA/Drivers/USB/Class/Device/PrinterClassDevice.o
 .debug_aranges
                0x000004e0       0x48 ../../../../LUFA/Drivers/USB/Class/Device/RNDISClassDevice.o

.debug_pubnames
                0x00000000      0xea2
 *(.debug_pubnames)
 .debug_pubnames
                0x00000000      0x184 GenericHID.o
 .debug_pubnames
                0x00000184       0xb0 Descriptors.o
 .debug_pubnames
                0x00000234       0x7e ../../../../LUFA/Drivers/USB/Class/Common/HIDParser.o
 .debug_pubnames
                0x000002b2       0x32 ../../../../LUFA/Drivers/USB/Core/AVR8/Device_AVR8.o
 .debug_pubnames
                0x000002e4      0x2df ../../../../LUFA/Drivers/USB/Core/AVR8/EndpointStream_AVR8.o
 .debug_pubnames
                0x000005c3       0xaf ../../../../LUFA/Drivers/USB/Core/AVR8/Endpoint_AVR8.o
 .debug_pubnames
                0x00000672       0x46 ../../../../LUFA/Drivers/USB/Core/AVR8/USBController_AVR8.o
 .debug_pubnames
                0x000006b8       0x62 ../../../../LUFA/Drivers/USB/Core/AVR8/USBInterrupt_AVR8.o
 .debug_pubnames
                0x0000071a       0x9b ../../../../LUFA/Drivers/USB/Core/ConfigDescriptors.o
 .debug_pubnames
                0x000007b5       0xa1 ../../../../LUFA/Drivers/USB/Core/DeviceStandardReq.o
 .debug_pubnames
                0x00000856       0x25 ../../../../LUFA/Drivers/USB/Core/Events.o
 .debug_pubnames
                0x0000087b       0x63 ../../../../LUFA/Drivers/USB/Core/USBTask.o
 .debug_pubnames
                0x000008de       0x79 ../../../../LUFA/Drivers/USB/Class/Device/AudioClassDevice.o
 .debug_pubnames
                0x00000957      0x18b ../../../../LUFA/Drivers/USB/Class/Device/CDCClassDevice.o
 .debug_pubnames
                0x00000ae2       0x70 ../../../../LUFA/Drivers/USB/Class/Device/HIDClassDevice.o
 .debug_pubnames
                0x00000b52       0x6d ../../../../LUFA/Drivers/USB/Class/Device/MassStorageClassDevice.o
 .debug_pubnames
                0x00000bbf       0xa6 ../../../../LUFA/Drivers/USB/Class/Device/MIDIClassDevice.o
 .debug_pubnames
                0x00000c65      0x16d ../../../../LUFA/Drivers/USB/Class/Device/PrinterClassDevice.o
 .debug_pubnames
                0x00000dd2       0xd0 ../../../../LUFA/Drivers/USB/Class/Device/RNDISClassDevice.o

.debug_info     0x00000000     0x8c22
 *(.debug_info)
 .debug_info    0x00000000      0x6d5 GenericHID.o
 .debug_info    0x000006d5      0x650 Descriptors.o
 .debug_info    0x00000d25      0x6ee ../../../../LUFA/Drivers/USB/Class/Common/HIDParser.o
 .debug_info    0x00001413       0xc4 ../../../../LUFA/Drivers/USB/Core/AVR8/Device_AVR8.o
 .debug_info    0x000014d7     0x157a ../../../../LUFA/Drivers/USB/Core/AVR8/EndpointStream_AVR8.o
 .debug_info    0x00002a51      0x5f2 ../../../../LUFA/Drivers/USB/Core/AVR8/Endpoint_AVR8.o
 .debug_info    0x00003043       0x61 ../../../../LUFA/Drivers/USB/Core/AVR8/Host_AVR8.o
 .debug_info    0x000030a4       0x61 ../../../../LUFA/Drivers/USB/Core/AVR8/PipeStream_AVR8.o
 .debug_info    0x00003105       0x61 ../../../../LUFA/Drivers/USB/Core/AVR8/Pipe_AVR8.o
 .debug_info    0x00003166      0x4aa ../../../../LUFA/Drivers/USB/Core/AVR8/USBController_AVR8.o
 .debug_info    0x00003610      0x571 ../../../../LUFA/Drivers/USB/Core/AVR8/USBInterrupt_AVR8.o
 .debug_info    0x00003b81      0x34b ../../../../LUFA/Drivers/USB/Core/ConfigDescriptors.o
 .debug_info    0x00003ecc      0x9ad ../../../../LUFA/Drivers/USB/Core/DeviceStandardReq.o
 .debug_info    0x00004879       0x79 ../../../../LUFA/Drivers/USB/Core/Events.o
 .debug_info    0x000048f2       0x61 ../../../../LUFA/Drivers/USB/Core/HostStandardReq.o
 .debug_info    0x00004953      0x269 ../../../../LUFA/Drivers/USB/Core/USBTask.o
 .debug_info    0x00004bbc      0x55e ../../../../LUFA/Drivers/USB/Class/Device/AudioClassDevice.o
 .debug_info    0x0000511a      0xbf0 ../../../../LUFA/Drivers/USB/Class/Device/CDCClassDevice.o
 .debug_info    0x00005d0a      0x614 ../../../../LUFA/Drivers/USB/Class/Device/HIDClassDevice.o
 .debug_info    0x0000631e      0x7ca ../../../../LUFA/Drivers/USB/Class/Device/MassStorageClassDevice.o
 .debug_info    0x00006ae8      0x4b6 ../../../../LUFA/Drivers/USB/Class/Device/MIDIClassDevice.o
 .debug_info    0x00006f9e      0xacc ../../../../LUFA/Drivers/USB/Class/Device/PrinterClassDevice.o
 .debug_info    0x00007a6a      0xe4f ../../../../LUFA/Drivers/USB/Class/Device/RNDISClassDevice.o
 .debug_info    0x000088b9       0x61 ../../../../LUFA/Drivers/USB/Class/Host/AndroidAccessoryClassHost.o
 .debug_info    0x0000891a       0x61 ../../../../LUFA/Drivers/USB/Class/Host/AudioClassHost.o
 .debug_info    0x0000897b       0x61 ../../../../LUFA/Drivers/USB/Class/Host/CDCClassHost.o
 .debug_info    0x000089dc       0x61 ../../../../LUFA/Drivers/USB/Class/Host/HIDClassHost.o
 .debug_info    0x00008a3d       0x61 ../../../../LUFA/Drivers/USB/Class/Host/MassStorageClassHost.o
 .debug_info    0x00008a9e       0x61 ../../../../LUFA/Drivers/USB/Class/Host/MIDIClassHost.o
 .debug_info    0x00008aff       0x61 ../../../../LUFA/Drivers/USB/Class/Host/PrinterClassHost.o
 .debug_info    0x00008b60       0x61 ../../../../LUFA/Drivers/USB/Class/Host/RNDISClassHost.o
 .debug_info    0x00008bc1       0x61 ../../../../LUFA/Drivers/USB/Class/Host/StillImageClassHost.o
 *(.gnu.linkonce.wi.*)

.debug_abbrev   0x00000000     0x234e
 *(.debug_abbrev)
 .debug_abbrev  0x00000000      0x23f GenericHID.o
 .debug_abbrev  0x0000023f      0x16c Descriptors.o
 .debug_abbrev  0x000003ab      0x201 ../../../../LUFA/Drivers/USB/Class/Common/HIDParser.o
 .debug_abbrev  0x000005ac       0x79 ../../../../LUFA/Drivers/USB/Core/AVR8/Device_AVR8.o
 .debug_abbrev  0x00000625      0x1bb ../../../../LUFA/Drivers/USB/Core/AVR8/EndpointStream_AVR8.o
 .debug_abbrev  0x000007e0      0x1fb ../../../../LUFA/Drivers/USB/Core/AVR8/Endpoint_AVR8.o
 .debug_abbrev  0x000009db       0x33 ../../../../LUFA/Drivers/USB/Core/AVR8/Host_AVR8.o
 .debug_abbrev  0x00000a0e       0x33 ../../../../LUFA/Drivers/USB/Core/AVR8/PipeStream_AVR8.o
 .debug_abbrev  0x00000a41       0x33 ../../../../LUFA/Drivers/USB/Core/AVR8/Pipe_AVR8.o
 .debug_abbrev  0x00000a74      0x134 ../../../../LUFA/Drivers/USB/Core/AVR8/USBController_AVR8.o
 .debug_abbrev  0x00000ba8      0x17f ../../../../LUFA/Drivers/USB/Core/AVR8/USBInterrupt_AVR8.o
 .debug_abbrev  0x00000d27      0x15c ../../../../LUFA/Drivers/USB/Core/ConfigDescriptors.o
 .debug_abbrev  0x00000e83      0x22d ../../../../LUFA/Drivers/USB/Core/DeviceStandardReq.o
 .debug_abbrev  0x000010b0       0x4a ../../../../LUFA/Drivers/USB/Core/Events.o
 .debug_abbrev  0x000010fa       0x33 ../../../../LUFA/Drivers/USB/Core/HostStandardReq.o
 .debug_abbrev  0x0000112d      0x174 ../../../../LUFA/Drivers/USB/Core/USBTask.o
 .debug_abbrev  0x000012a1      0x170 ../../../../LUFA/Drivers/USB/Class/Device/AudioClassDevice.o
 .debug_abbrev  0x00001411      0x307 ../../../../LUFA/Drivers/USB/Class/Device/CDCClassDevice.o
 .debug_abbrev  0x00001718      0x1b8 ../../../../LUFA/Drivers/USB/Class/Device/HIDClassDevice.o
 .debug_abbrev  0x000018d0      0x20f ../../../../LUFA/Drivers/USB/Class/Device/MassStorageClassDevice.o
 .debug_abbrev  0x00001adf      0x18b ../../../../LUFA/Drivers/USB/Class/Device/MIDIClassDevice.o
 .debug_abbrev  0x00001c6a      0x262 ../../../../LUFA/Drivers/USB/Class/Device/PrinterClassDevice.o
 .debug_abbrev  0x00001ecc      0x2b7 ../../../../LUFA/Drivers/USB/Class/Device/RNDISClassDevice.o
 .debug_abbrev  0x00002183       0x33 ../../../../LUFA/Drivers/USB/Class/Host/AndroidAccessoryClassHost.o
 .debug_abbrev  0x000021b6       0x33 ../../../../LUFA/Drivers/USB/Class/Host/AudioClassHost.o
 .debug_abbrev  0x000021e9       0x33 ../../../../LUFA/Drivers/USB/Class/Host/CDCClassHost.o
 .debug_abbrev  0x0000221c       0x33 ../../../../LUFA/Drivers/USB/Class/Host/HIDClassHost.o
 .debug_abbrev  0x0000224f       0x33 ../../../../LUFA/Drivers/USB/Class/Host/MassStorageClassHost.o
 .debug_abbrev  0x00002282       0x33 ../../../../LUFA/Drivers/USB/Class/Host/MIDIClassHost.o
 .debug_abbrev  0x000022b5       0x33 ../../../../LUFA/Drivers/USB/Class/Host/PrinterClassHost.o
 .debug_abbrev  0x000022e8       0x33 ../../../../LUFA/Drivers/USB/Class/Host/RNDISClassHost.o
 .debug_abbrev  0x0000231b       0x33 ../../../../LUFA/Drivers/USB/Class/Host/StillImageClassHost.o

.debug_line     0x00000000     0x6f7d
 *(.debug_line)
 .debug_line    0x00000000      0x671 GenericHID.o
 .debug_line    0x00000671      0x200 Descriptors.o
 .debug_line    0x00000871      0x5a0 ../../../../LUFA/Drivers/USB/Class/Common/HIDParser.o
 .debug_line    0x00000e11      0x133 ../../../../LUFA/Drivers/USB/Core/AVR8/Device_AVR8.o
 .debug_line    0x00000f44     0x17bf ../../../../LUFA/Drivers/USB/Core/AVR8/EndpointStream_AVR8.o
 .debug_line    0x00002703      0x53d ../../../../LUFA/Drivers/USB/Core/AVR8/Endpoint_AVR8.o
 .debug_line    0x00002c40       0x3e ../../../../LUFA/Drivers/USB/Core/AVR8/Host_AVR8.o
 .debug_line    0x00002c7e       0x3e ../../../../LUFA/Drivers/USB/Core/AVR8/PipeStream_AVR8.o
 .debug_line    0x00002cbc       0x3e ../../../../LUFA/Drivers/USB/Core/AVR8/Pipe_AVR8.o
 .debug_line    0x00002cfa      0x3b0 ../../../../LUFA/Drivers/USB/Core/AVR8/USBController_AVR8.o
 .debug_line    0x000030aa      0x552 ../../../../LUFA/Drivers/USB/Core/AVR8/USBInterrupt_AVR8.o
 .debug_line    0x000035fc      0x24c ../../../../LUFA/Drivers/USB/Core/ConfigDescriptors.o
 .debug_line    0x00003848      0x584 ../../../../LUFA/Drivers/USB/Core/DeviceStandardReq.o
 .debug_line    0x00003dcc       0x86 ../../../../LUFA/Drivers/USB/Core/Events.o
 .debug_line    0x00003e52       0x3e ../../../../LUFA/Drivers/USB/Core/HostStandardReq.o
 .debug_line    0x00003e90      0x1b9 ../../../../LUFA/Drivers/USB/Core/USBTask.o
 .debug_line    0x00004049      0x4fe ../../../../LUFA/Drivers/USB/Class/Device/AudioClassDevice.o
 .debug_line    0x00004547      0x92f ../../../../LUFA/Drivers/USB/Class/Device/CDCClassDevice.o
 .debug_line    0x00004e76      0x5a0 ../../../../LUFA/Drivers/USB/Class/Device/HIDClassDevice.o
 .debug_line    0x00005416      0x5ca ../../../../LUFA/Drivers/USB/Class/Device/MassStorageClassDevice.o
 .debug_line    0x000059e0      0x3ff ../../../../LUFA/Drivers/USB/Class/Device/MIDIClassDevice.o
 .debug_line    0x00005ddf      0x835 ../../../../LUFA/Drivers/USB/Class/Device/PrinterClassDevice.o
 .debug_line    0x00006614      0x73b ../../../../LUFA/Drivers/USB/Class/Device/RNDISClassDevice.o
 .debug_line    0x00006d4f       0x3e ../../../../LUFA/Drivers/USB/Class/Host/AndroidAccessoryClassHost.o
 .debug_line    0x00006d8d       0x3e ../../../../LUFA/Drivers/USB/Class/Host/AudioClassHost.o
 .debug_line    0x00006dcb       0x3e ../../../../LUFA/Drivers/USB/Class/Host/CDCClassHost.o
 .debug_line    0x00006e09       0x3e ../../../../LUFA/Drivers/USB/Class/Host/HIDClassHost.o
 .debug_line    0x00006e47       0x3e ../../../../LUFA/Drivers/USB/Class/Host/MassStorageClassHost.o
 .debug_line    0x00006e85       0x3e ../../../../LUFA/Drivers/USB/Class/Host/MIDIClassHost.o
 .debug_line    0x00006ec3       0x3e ../../../../LUFA/Drivers/USB/Class/Host/PrinterClassHost.o
 .debug_line    0x00006f01       0x3e ../../../../LUFA/Drivers/USB/Class/Host/RNDISClassHost.o
 .debug_line    0x00006f3f       0x3e ../../../../LUFA/Drivers/USB/Class/Host/StillImageClassHost.o

.debug_frame    0x00000000      0x7f0
 *(.debug_frame)
 .debug_frame   0x00000000       0xc0 GenericHID.o
 .debug_frame   0x000000c0       0x20 Descriptors.o
 .debug_frame   0x000000e0       0x50 ../../../../LUFA/Drivers/USB/Class/Common/HIDParser.o
 .debug_frame   0x00000130       0x20 ../../../../LUFA/Drivers/USB/Core/AVR8/Device_AVR8.o
 .debug_frame   0x00000150      0x170 ../../../../LUFA/Drivers/USB/Core/AVR8/EndpointStream_AVR8.o
 .debug_frame   0x000002c0       0x60 ../../../../LUFA/Drivers/USB/Core/AVR8/Endpoint_AVR8.o
 .debug_frame   0x00000320       0x40 ../../../../LUFA/Drivers/USB/Core/AVR8/USBController_AVR8.o
 .debug_frame   0x00000360       0x40 ../../../../LUFA/Drivers/USB/Core/AVR8/USBInterrupt_AVR8.o
 .debug_frame   0x000003a0       0x50 ../../../../LUFA/Drivers/USB/Core/ConfigDescriptors.o
 .debug_frame   0x000003f0       0x20 ../../../../LUFA/Drivers/USB/Core/DeviceStandardReq.o
 .debug_frame   0x00000410       0x20 ../../../../LUFA/Drivers/USB/Core/Events.o
 .debug_frame   0x00000430       0x20 ../../../../LUFA/Drivers/USB/Core/USBTask.o
 .debug_frame   0x00000450       0x40 ../../../../LUFA/Drivers/USB/Class/Device/AudioClassDevice.o
 .debug_frame   0x00000490      0x110 ../../../../LUFA/Drivers/USB/Class/Device/CDCClassDevice.o
 .debug_frame   0x000005a0       0x40 ../../../../LUFA/Drivers/USB/Class/Device/HIDClassDevice.o
 .debug_frame   0x000005e0       0x40 ../../../../LUFA/Drivers/USB/Class/Device/MassStorageClassDevice.o
 .debug_frame   0x00000620       0x60 ../../../../LUFA/Drivers/USB/Class/Device/MIDIClassDevice.o
 .debug_frame   0x00000680      0x100 ../../../../LUFA/Drivers/USB/Class/Device/PrinterClassDevice.o
 .debug_frame   0x00000780       0x70 ../../../../LUFA/Drivers/USB/Class/Device/RNDISClassDevice.o

.debug_str      0x00000000     0x3879
 *(.debug_str)
 .debug_str     0x00000000      0x488 GenericHID.o
                                0x522 (size before relaxing)
 .debug_str     0x00000488      0x50d Descriptors.o
                                0x67d (size before relaxing)
 .debug_str     0x00000995      0x471 ../../../../LUFA/Drivers/USB/Class/Common/HIDParser.o
                                0x5f2 (size before relaxing)
 .debug_str     0x00000e06       0x7d ../../../../LUFA/Drivers/USB/Core/AVR8/Device_AVR8.o
                                0x14d (size before relaxing)
 .debug_str     0x00000e83      0x647 ../../../../LUFA/Drivers/USB/Core/AVR8/EndpointStream_AVR8.o
                                0x77b (size before relaxing)
 .debug_str     0x000014ca      0x2f4 ../../../../LUFA/Drivers/USB/Core/AVR8/Endpoint_AVR8.o
                                0x577 (size before relaxing)
 .debug_str     0x000017be       0x33 ../../../../LUFA/Drivers/USB/Core/AVR8/Host_AVR8.o
                                 0xfd (size before relaxing)
 .debug_str     0x000017f1       0x39 ../../../../LUFA/Drivers/USB/Core/AVR8/PipeStream_AVR8.o
                                0x103 (size before relaxing)
 .debug_str     0x0000182a       0x33 ../../../../LUFA/Drivers/USB/Core/AVR8/Pipe_AVR8.o
                                 0xfd (size before relaxing)
 .debug_str     0x0000185d      0x1d1 ../../../../LUFA/Drivers/USB/Core/AVR8/USBController_AVR8.o
                                0x45f (size before relaxing)
 .debug_str     0x00001a2e       0xef ../../../../LUFA/Drivers/USB/Core/AVR8/USBInterrupt_AVR8.o
                                0x3d1 (size before relaxing)
 .debug_str     0x00001b1d      0x223 ../../../../LUFA/Drivers/USB/Core/ConfigDescriptors.o
                                0x31b (size before relaxing)
 .debug_str     0x00001d40      0x408 ../../../../LUFA/Drivers/USB/Core/DeviceStandardReq.o
                                0x84b (size before relaxing)
 .debug_str     0x00002148       0x3a ../../../../LUFA/Drivers/USB/Core/Events.o
                                0x104 (size before relaxing)
 .debug_str     0x00002182       0x34 ../../../../LUFA/Drivers/USB/Core/HostStandardReq.o
                                 0xfe (size before relaxing)
 .debug_str     0x000021b6       0x70 ../../../../LUFA/Drivers/USB/Core/USBTask.o
                                0x2bb (size before relaxing)
 .debug_str     0x00002226      0x275 ../../../../LUFA/Drivers/USB/Class/Device/AudioClassDevice.o
                                0x53b (size before relaxing)
 .debug_str     0x0000249b      0x3b8 ../../../../LUFA/Drivers/USB/Class/Device/CDCClassDevice.o
                                0x8ef (size before relaxing)
 .debug_str     0x00002853      0x151 ../../../../LUFA/Drivers/USB/Class/Device/HIDClassDevice.o
                                0x56a (size before relaxing)
 .debug_str     0x000029a4      0x243 ../../../../LUFA/Drivers/USB/Class/Device/MassStorageClassDevice.o
                                0x6cb (size before relaxing)
 .debug_str     0x00002be7      0x11e ../../../../LUFA/Drivers/USB/Class/Device/MIDIClassDevice.o
                                0x552 (size before relaxing)
 .debug_str     0x00002d05      0x272 ../../../../LUFA/Drivers/USB/Class/Device/PrinterClassDevice.o
                                0x803 (size before relaxing)
 .debug_str     0x00002f77      0x6ee ../../../../LUFA/Drivers/USB/Class/Device/RNDISClassDevice.o
                                0xc03 (size before relaxing)
 .debug_str     0x00003665       0x44 ../../../../LUFA/Drivers/USB/Class/Host/AndroidAccessoryClassHost.o
                                0x10e (size before relaxing)
 .debug_str     0x000036a9       0x39 ../../../../LUFA/Drivers/USB/Class/Host/AudioClassHost.o
                                0x103 (size before relaxing)
 .debug_str     0x000036e2       0x37 ../../../../LUFA/Drivers/USB/Class/Host/CDCClassHost.o
                                0x101 (size before relaxing)
 .debug_str     0x00003719       0x37 ../../../../LUFA/Drivers/USB/Class/Host/HIDClassHost.o
                                0x101 (size before relaxing)
 .debug_str     0x00003750       0x3f ../../../../LUFA/Drivers/USB/Class/Host/MassStorageClassHost.o
                                0x109 (size before relaxing)
 .debug_str     0x0000378f       0x38 ../../../../LUFA/Drivers/USB/Class/Host/MIDIClassHost.o
                                0x102 (size before relaxing)
 .debug_str     0x000037c7       0x3b ../../../../LUFA/Drivers/USB/Class/Host/PrinterClassHost.o
                                0x105 (size before relaxing)
 .debug_str     0x00003802       0x39 ../../../../LUFA/Drivers/USB/Class/Host/RNDISClassHost.o
                                0x103 (size before relaxing)
 .debug_str     0x0000383b       0x3e ../../../../LUFA/Drivers/USB/Class/Host/StillImageClassHost.o
                                0x108 (size before relaxing)

.debug_loc      0x00000000     0x38fd
 *(.debug_loc)
 .debug_loc     0x00000000      0x150 GenericHID.o
 .debug_loc     0x00000150      0x1a0 Descriptors.o
 .debug_loc     0x000002f0      0x584 ../../../../LUFA/Drivers/USB/Class/Common/HIDParser.o
 .debug_loc     0x00000874     0x1886 ../../../../LUFA/Drivers/USB/Core/AVR8/EndpointStream_AVR8.o
 .debug_loc     0x000020fa      0x11c ../../../../LUFA/Drivers/USB/Core/AVR8/Endpoint_AVR8.o
 .debug_loc     0x00002216      0x2c7 ../../../../LUFA/Drivers/USB/Core/ConfigDescriptors.o
 .debug_loc     0x000024dd      0x21e ../../../../LUFA/Drivers/USB/Core/DeviceStandardReq.o
 .debug_loc     0x000026fb      0x25d ../../../../LUFA/Drivers/USB/Class/Device/AudioClassDevice.o
 .debug_loc     0x00002958      0x42c ../../../../LUFA/Drivers/USB/Class/Device/CDCClassDevice.o
 .debug_loc     0x00002d84      0x141 ../../../../LUFA/Drivers/USB/Class/Device/HIDClassDevice.o
 .debug_loc     0x00002ec5       0x96 ../../../../LUFA/Drivers/USB/Class/Device/MassStorageClassDevice.o
 .debug_loc     0x00002f5b      0x19a ../../../../LUFA/Drivers/USB/Class/Device/MIDIClassDevice.o
 .debug_loc     0x000030f5      0x3bc ../../../../LUFA/Drivers/USB/Class/Device/PrinterClassDevice.o
 .debug_loc     0x000034b1      0x44c ../../../../LUFA/Drivers/USB/Class/Device/RNDISClassDevice.o

.debug_macinfo
 *(.debug_macinfo)
OUTPUT(GenericHID.elf elf32-avr)
LOAD linker stubs

.debug_ranges   0x00000000      0x610
 .debug_ranges  0x00000000       0x68 GenericHID.o
 .debug_ranges  0x00000068       0x18 Descriptors.o
 .debug_ranges  0x00000080       0xa0 ../../../../LUFA/Drivers/USB/Class/Common/HIDParser.o
 .debug_ranges  0x00000120       0x18 ../../../../LUFA/Drivers/USB/Core/AVR8/Device_AVR8.o
 .debug_ranges  0x00000138       0xc0 ../../../../LUFA/Drivers/USB/Core/AVR8/EndpointStream_AVR8.o
 .debug_ranges  0x000001f8       0x50 ../../../../LUFA/Drivers/USB/Core/AVR8/Endpoint_AVR8.o
 .debug_ranges  0x00000248       0x28 ../../../../LUFA/Drivers/USB/Core/AVR8/USBController_AVR8.o
 .debug_ranges  0x00000270       0x28 ../../../../LUFA/Drivers/USB/Core/AVR8/USBInterrupt_AVR8.o
 .debug_ranges  0x00000298       0x30 ../../../../LUFA/Drivers/USB/Core/ConfigDescriptors.o
 .debug_ranges  0x000002c8       0x78 ../../../../LUFA/Drivers/USB/Core/DeviceStandardReq.o
 .debug_ranges  0x00000340       0x18 ../../../../LUFA/Drivers/USB/Core/Events.o
 .debug_ranges  0x00000358       0x18 ../../../../LUFA/Drivers/USB/Core/USBTask.o
 .debug_ranges  0x00000370       0x28 ../../../../LUFA/Drivers/USB/Class/Device/AudioClassDevice.o
 .debug_ranges  0x00000398       0x90 ../../../../LUFA/Drivers/USB/Class/Device/CDCClassDevice.o
 .debug_ranges  0x00000428       0x28 ../../../../LUFA/Drivers/USB/Class/Device/HIDClassDevice.o
 .debug_ranges  0x00000450       0x78 ../../../../LUFA/Drivers/USB/Class/Device/MassStorageClassDevice.o
 .debug_ranges  0x000004c8       0x38 ../../../../LUFA/Drivers/USB/Class/Device/MIDIClassDevice.o
 .debug_ranges  0x00000500       0x88 ../../../../LUFA/Drivers/USB/Class/Device/PrinterClassDevice.o
 .debug_ranges  0x00000588       0x88 ../../../../LUFA/Drivers/USB/Class/Device/RNDISClassDevice.o

Cross Reference Table

Symbol                                            File
Audio_Device_ConfigureEndpoints                   ../../../../LUFA/Drivers/USB/Class/Device/AudioClassDevice.o
Audio_Device_Event_Stub                           ../../../../LUFA/Drivers/USB/Class/Device/AudioClassDevice.o
Audio_Device_ProcessControlRequest                ../../../../LUFA/Drivers/USB/Class/Device/AudioClassDevice.o
CALLBACK_Audio_Device_GetSetEndpointProperty      ../../../../LUFA/Drivers/USB/Class/Device/AudioClassDevice.o
CALLBACK_Audio_Device_GetSetInterfaceProperty     ../../../../LUFA/Drivers/USB/Class/Device/AudioClassDevice.o
CALLBACK_HIDParser_FilterHIDReportItem            ../../../../LUFA/Drivers/USB/Class/Common/HIDParser.o
CALLBACK_HID_Device_CreateHIDReport               GenericHID.o
                                                  ../../../../LUFA/Drivers/USB/Class/Device/HIDClassDevice.o
CALLBACK_HID_Device_ProcessHIDReport              GenericHID.o
                                                  ../../../../LUFA/Drivers/USB/Class/Device/HIDClassDevice.o
CALLBACK_MS_Device_SCSICommandReceived            ../../../../LUFA/Drivers/USB/Class/Device/MassStorageClassDevice.o
CALLBACK_USB_GetDescriptor                        Descriptors.o
                                                  ../../../../LUFA/Drivers/USB/Core/DeviceStandardReq.o
CDC_Device_BytesReceived                          ../../../../LUFA/Drivers/USB/Class/Device/CDCClassDevice.o
CDC_Device_ConfigureEndpoints                     ../../../../LUFA/Drivers/USB/Class/Device/CDCClassDevice.o
CDC_Device_CreateBlockingStream                   ../../../../LUFA/Drivers/USB/Class/Device/CDCClassDevice.o
CDC_Device_CreateStream                           ../../../../LUFA/Drivers/USB/Class/Device/CDCClassDevice.o
CDC_Device_Event_Stub                             ../../../../LUFA/Drivers/USB/Class/Device/CDCClassDevice.o
CDC_Device_Flush                                  ../../../../LUFA/Drivers/USB/Class/Device/CDCClassDevice.o
CDC_Device_ProcessControlRequest                  ../../../../LUFA/Drivers/USB/Class/Device/CDCClassDevice.o
CDC_Device_ReceiveByte                            ../../../../LUFA/Drivers/USB/Class/Device/CDCClassDevice.o
CDC_Device_SendByte                               ../../../../LUFA/Drivers/USB/Class/Device/CDCClassDevice.o
CDC_Device_SendControlLineStateChange             ../../../../LUFA/Drivers/USB/Class/Device/CDCClassDevice.o
CDC_Device_SendData                               ../../../../LUFA/Drivers/USB/Class/Device/CDCClassDevice.o
CDC_Device_SendString                             ../../../../LUFA/Drivers/USB/Class/Device/CDCClassDevice.o
CDC_Device_USBTask                                ../../../../LUFA/Drivers/USB/Class/Device/CDCClassDevice.o
ConfigurationDescriptor                           Descriptors.o
DeviceDescriptor                                  Descriptors.o
EVENT_Audio_Device_StreamStartStop                ../../../../LUFA/Drivers/USB/Class/Device/AudioClassDevice.o
EVENT_CDC_Device_BreakSent                        ../../../../LUFA/Drivers/USB/Class/Device/CDCClassDevice.o
EVENT_CDC_Device_ControLineStateChanged           ../../../../LUFA/Drivers/USB/Class/Device/CDCClassDevice.o
EVENT_CDC_Device_LineEncodingChanged              ../../../../LUFA/Drivers/USB/Class/Device/CDCClassDevice.o
EVENT_PRNT_Device_SoftReset                       ../../../../LUFA/Drivers/USB/Class/Device/PrinterClassDevice.o
EVENT_USB_Device_ConfigurationChanged             GenericHID.o
                                                  ../../../../LUFA/Drivers/USB/Core/DeviceStandardReq.o
EVENT_USB_Device_Connect                          GenericHID.o
                                                  ../../../../LUFA/Drivers/USB/Core/AVR8/USBInterrupt_AVR8.o
EVENT_USB_Device_ControlRequest                   GenericHID.o
                                                  ../../../../LUFA/Drivers/USB/Core/DeviceStandardReq.o
EVENT_USB_Device_Disconnect                       GenericHID.o
                                                  ../../../../LUFA/Drivers/USB/Core/AVR8/USBInterrupt_AVR8.o
EVENT_USB_Device_Reset                            ../../../../LUFA/Drivers/USB/Core/Events.o
                                                  ../../../../LUFA/Drivers/USB/Core/AVR8/USBInterrupt_AVR8.o
EVENT_USB_Device_StartOfFrame                     GenericHID.o
                                                  ../../../../LUFA/Drivers/USB/Core/AVR8/USBInterrupt_AVR8.o
EVENT_USB_Device_Suspend                          ../../../../LUFA/Drivers/USB/Core/Events.o
                                                  ../../../../LUFA/Drivers/USB/Core/AVR8/USBInterrupt_AVR8.o
EVENT_USB_Device_WakeUp                           ../../../../LUFA/Drivers/USB/Core/Events.o
                                                  ../../../../LUFA/Drivers/USB/Core/AVR8/USBInterrupt_AVR8.o
Endpoint_ClearEndpoints                           ../../../../LUFA/Drivers/USB/Core/AVR8/Endpoint_AVR8.o
Endpoint_ClearStatusStage                         ../../../../LUFA/Drivers/USB/Core/AVR8/Endpoint_AVR8.o
                                                  ../../../../LUFA/Drivers/USB/Class/Device/PrinterClassDevice.o
                                                  ../../../../LUFA/Drivers/USB/Class/Device/MassStorageClassDevice.o
                                                  ../../../../LUFA/Drivers/USB/Class/Device/HIDClassDevice.o
                                                  ../../../../LUFA/Drivers/USB/Class/Device/CDCClassDevice.o
                                                  ../../../../LUFA/Drivers/USB/Class/Device/AudioClassDevice.o
                                                  ../../../../LUFA/Drivers/USB/Core/DeviceStandardReq.o
Endpoint_ConfigureEndpointTable                   ../../../../LUFA/Drivers/USB/Core/AVR8/Endpoint_AVR8.o
                                                  ../../../../LUFA/Drivers/USB/Class/Device/RNDISClassDevice.o
                                                  ../../../../LUFA/Drivers/USB/Class/Device/PrinterClassDevice.o
                                                  ../../../../LUFA/Drivers/USB/Class/Device/MIDIClassDevice.o
                                                  ../../../../LUFA/Drivers/USB/Class/Device/MassStorageClassDevice.o
                                                  ../../../../LUFA/Drivers/USB/Class/Device/HIDClassDevice.o
                                                  ../../../../LUFA/Drivers/USB/Class/Device/CDCClassDevice.o
                                                  ../../../../LUFA/Drivers/USB/Class/Device/AudioClassDevice.o
Endpoint_ConfigureEndpoint_Prv                    ../../../../LUFA/Drivers/USB/Core/AVR8/Endpoint_AVR8.o
                                                  ../../../../LUFA/Drivers/USB/Core/AVR8/USBInterrupt_AVR8.o
                                                  ../../../../LUFA/Drivers/USB/Core/AVR8/USBController_AVR8.o
Endpoint_Discard_Stream                           ../../../../LUFA/Drivers/USB/Core/AVR8/EndpointStream_AVR8.o
Endpoint_Null_Stream                              ../../../../LUFA/Drivers/USB/Core/AVR8/EndpointStream_AVR8.o
Endpoint_Read_Control_EStream_BE                  ../../../../LUFA/Drivers/USB/Core/AVR8/EndpointStream_AVR8.o
Endpoint_Read_Control_EStream_LE                  ../../../../LUFA/Drivers/USB/Core/AVR8/EndpointStream_AVR8.o
Endpoint_Read_Control_Stream_BE                   ../../../../LUFA/Drivers/USB/Core/AVR8/EndpointStream_AVR8.o
Endpoint_Read_Control_Stream_LE                   ../../../../LUFA/Drivers/USB/Core/AVR8/EndpointStream_AVR8.o
                                                  ../../../../LUFA/Drivers/USB/Class/Device/RNDISClassDevice.o
                                                  ../../../../LUFA/Drivers/USB/Class/Device/HIDClassDevice.o
                                                  ../../../../LUFA/Drivers/USB/Class/Device/AudioClassDevice.o
Endpoint_Read_EStream_BE                          ../../../../LUFA/Drivers/USB/Core/AVR8/EndpointStream_AVR8.o
Endpoint_Read_EStream_LE                          ../../../../LUFA/Drivers/USB/Core/AVR8/EndpointStream_AVR8.o
Endpoint_Read_Stream_BE                           ../../../../LUFA/Drivers/USB/Core/AVR8/EndpointStream_AVR8.o
Endpoint_Read_Stream_LE                           ../../../../LUFA/Drivers/USB/Core/AVR8/EndpointStream_AVR8.o
                                                  ../../../../LUFA/Drivers/USB/Class/Device/RNDISClassDevice.o
                                                  ../../../../LUFA/Drivers/USB/Class/Device/MIDIClassDevice.o
                                                  ../../../../LUFA/Drivers/USB/Class/Device/MassStorageClassDevice.o
Endpoint_WaitUntilReady                           ../../../../LUFA/Drivers/USB/Core/AVR8/Endpoint_AVR8.o
                                                  ../../../../LUFA/Drivers/USB/Class/Device/RNDISClassDevice.o
                                                  ../../../../LUFA/Drivers/USB/Class/Device/PrinterClassDevice.o
                                                  ../../../../LUFA/Drivers/USB/Class/Device/MIDIClassDevice.o
                                                  ../../../../LUFA/Drivers/USB/Class/Device/CDCClassDevice.o
                                                  ../../../../LUFA/Drivers/USB/Core/AVR8/EndpointStream_AVR8.o
Endpoint_Write_Control_EStream_BE                 ../../../../LUFA/Drivers/USB/Core/AVR8/EndpointStream_AVR8.o
Endpoint_Write_Control_EStream_LE                 ../../../../LUFA/Drivers/USB/Core/AVR8/EndpointStream_AVR8.o
Endpoint_Write_Control_PStream_BE                 ../../../../LUFA/Drivers/USB/Core/AVR8/EndpointStream_AVR8.o
Endpoint_Write_Control_PStream_LE                 ../../../../LUFA/Drivers/USB/Core/AVR8/EndpointStream_AVR8.o
                                                  ../../../../LUFA/Drivers/USB/Core/DeviceStandardReq.o
Endpoint_Write_Control_Stream_BE                  ../../../../LUFA/Drivers/USB/Core/AVR8/EndpointStream_AVR8.o
Endpoint_Write_Control_Stream_LE                  ../../../../LUFA/Drivers/USB/Core/AVR8/EndpointStream_AVR8.o
                                                  ../../../../LUFA/Drivers/USB/Class/Device/RNDISClassDevice.o
                                                  ../../../../LUFA/Drivers/USB/Class/Device/PrinterClassDevice.o
                                                  ../../../../LUFA/Drivers/USB/Class/Device/HIDClassDevice.o
                                                  ../../../../LUFA/Drivers/USB/Class/Device/AudioClassDevice.o
                                                  ../../../../LUFA/Drivers/USB/Core/DeviceStandardReq.o
Endpoint_Write_EStream_BE                         ../../../../LUFA/Drivers/USB/Core/AVR8/EndpointStream_AVR8.o
Endpoint_Write_EStream_LE                         ../../../../LUFA/Drivers/USB/Core/AVR8/EndpointStream_AVR8.o
Endpoint_Write_PStream_BE                         ../../../../LUFA/Drivers/USB/Core/AVR8/EndpointStream_AVR8.o
Endpoint_Write_PStream_LE                         ../../../../LUFA/Drivers/USB/Core/AVR8/EndpointStream_AVR8.o
Endpoint_Write_Stream_BE                          ../../../../LUFA/Drivers/USB/Core/AVR8/EndpointStream_AVR8.o
Endpoint_Write_Stream_LE                          ../../../../LUFA/Drivers/USB/Core/AVR8/EndpointStream_AVR8.o
                                                  ../../../../LUFA/Drivers/USB/Class/Device/RNDISClassDevice.o
                                                  ../../../../LUFA/Drivers/USB/Class/Device/PrinterClassDevice.o
                                                  ../../../../LUFA/Drivers/USB/Class/Device/MIDIClassDevice.o
                                                  ../../../../LUFA/Drivers/USB/Class/Device/MassStorageClassDevice.o
                                                  ../../../../LUFA/Drivers/USB/Class/Device/HIDClassDevice.o
                                                  ../../../../LUFA/Drivers/USB/Class/Device/CDCClassDevice.o
GenericReport                                     Descriptors.o
Generic_HID_Interface                             GenericHID.o
HID_Device_ConfigureEndpoints                     ../../../../LUFA/Drivers/USB/Class/Device/HIDClassDevice.o
                                                  GenericHID.o
HID_Device_ProcessControlRequest                  ../../../../LUFA/Drivers/USB/Class/Device/HIDClassDevice.o
                                                  GenericHID.o
HID_Device_USBTask                                ../../../../LUFA/Drivers/USB/Class/Device/HIDClassDevice.o
                                                  GenericHID.o
LanguageString                                    Descriptors.o
MIDI_Device_ConfigureEndpoints                    ../../../../LUFA/Drivers/USB/Class/Device/MIDIClassDevice.o
MIDI_Device_Flush                                 ../../../../LUFA/Drivers/USB/Class/Device/MIDIClassDevice.o
MIDI_Device_ReceiveEventPacket                    ../../../../LUFA/Drivers/USB/Class/Device/MIDIClassDevice.o
MIDI_Device_SendEventPacket                       ../../../../LUFA/Drivers/USB/Class/Device/MIDIClassDevice.o
MIDI_Device_USBTask                               ../../../../LUFA/Drivers/USB/Class/Device/MIDIClassDevice.o
MS_Device_ConfigureEndpoints                      ../../../../LUFA/Drivers/USB/Class/Device/MassStorageClassDevice.o
MS_Device_ProcessControlRequest                   ../../../../LUFA/Drivers/USB/Class/Device/MassStorageClassDevice.o
MS_Device_USBTask                                 ../../../../LUFA/Drivers/USB/Class/Device/MassStorageClassDevice.o
ManufacturerString                                Descriptors.o
PRNT_Device_BytesReceived                         ../../../../LUFA/Drivers/USB/Class/Device/PrinterClassDevice.o
PRNT_Device_ConfigureEndpoints                    ../../../../LUFA/Drivers/USB/Class/Device/PrinterClassDevice.o
PRNT_Device_CreateBlockingStream                  ../../../../LUFA/Drivers/USB/Class/Device/PrinterClassDevice.o
PRNT_Device_CreateStream                          ../../../../LUFA/Drivers/USB/Class/Device/PrinterClassDevice.o
PRNT_Device_Event_Stub                            ../../../../LUFA/Drivers/USB/Class/Device/PrinterClassDevice.o
PRNT_Device_Flush                                 ../../../../LUFA/Drivers/USB/Class/Device/PrinterClassDevice.o
PRNT_Device_ProcessControlRequest                 ../../../../LUFA/Drivers/USB/Class/Device/PrinterClassDevice.o
PRNT_Device_ReceiveByte                           ../../../../LUFA/Drivers/USB/Class/Device/PrinterClassDevice.o
PRNT_Device_SendByte                              ../../../../LUFA/Drivers/USB/Class/Device/PrinterClassDevice.o
PRNT_Device_SendData                              ../../../../LUFA/Drivers/USB/Class/Device/PrinterClassDevice.o
PRNT_Device_SendString                            ../../../../LUFA/Drivers/USB/Class/Device/PrinterClassDevice.o
PRNT_Device_USBTask                               ../../../../LUFA/Drivers/USB/Class/Device/PrinterClassDevice.o
ProductString                                     Descriptors.o
RNDIS_Device_ConfigureEndpoints                   ../../../../LUFA/Drivers/USB/Class/Device/RNDISClassDevice.o
RNDIS_Device_IsPacketReceived                     ../../../../LUFA/Drivers/USB/Class/Device/RNDISClassDevice.o
RNDIS_Device_ProcessControlRequest                ../../../../LUFA/Drivers/USB/Class/Device/RNDISClassDevice.o
RNDIS_Device_ReadPacket                           ../../../../LUFA/Drivers/USB/Class/Device/RNDISClassDevice.o
RNDIS_Device_SendPacket                           ../../../../LUFA/Drivers/USB/Class/Device/RNDISClassDevice.o
RNDIS_Device_USBTask                              ../../../../LUFA/Drivers/USB/Class/Device/RNDISClassDevice.o
SPI_write                                         GenericHID.o
SetupHardware                                     GenericHID.o
USB_ControlRequest                                ../../../../LUFA/Drivers/USB/Class/Device/RNDISClassDevice.o
                                                  ../../../../LUFA/Drivers/USB/Class/Device/PrinterClassDevice.o
                                                  ../../../../LUFA/Drivers/USB/Class/Device/MassStorageClassDevice.o
                                                  ../../../../LUFA/Drivers/USB/Class/Device/HIDClassDevice.o
                                                  ../../../../LUFA/Drivers/USB/Class/Device/CDCClassDevice.o
                                                  ../../../../LUFA/Drivers/USB/Class/Device/AudioClassDevice.o
                                                  ../../../../LUFA/Drivers/USB/Core/USBTask.o
                                                  ../../../../LUFA/Drivers/USB/Core/DeviceStandardReq.o
                                                  ../../../../LUFA/Drivers/USB/Core/AVR8/Endpoint_AVR8.o
                                                  ../../../../LUFA/Drivers/USB/Core/AVR8/EndpointStream_AVR8.o
USB_DeviceState                                   ../../../../LUFA/Drivers/USB/Class/Device/RNDISClassDevice.o
                                                  ../../../../LUFA/Drivers/USB/Class/Device/PrinterClassDevice.o
                                                  ../../../../LUFA/Drivers/USB/Class/Device/MIDIClassDevice.o
                                                  ../../../../LUFA/Drivers/USB/Class/Device/MassStorageClassDevice.o
                                                  ../../../../LUFA/Drivers/USB/Class/Device/HIDClassDevice.o
                                                  ../../../../LUFA/Drivers/USB/Class/Device/CDCClassDevice.o
                                                  ../../../../LUFA/Drivers/USB/Core/USBTask.o
                                                  ../../../../LUFA/Drivers/USB/Core/DeviceStandardReq.o
                                                  ../../../../LUFA/Drivers/USB/Core/AVR8/USBInterrupt_AVR8.o
                                                  ../../../../LUFA/Drivers/USB/Core/AVR8/USBController_AVR8.o
                                                  ../../../../LUFA/Drivers/USB/Core/AVR8/Endpoint_AVR8.o
                                                  ../../../../LUFA/Drivers/USB/Core/AVR8/EndpointStream_AVR8.o
USB_Device_ConfigurationNumber                    ../../../../LUFA/Drivers/USB/Core/DeviceStandardReq.o
                                                  ../../../../LUFA/Drivers/USB/Core/AVR8/USBInterrupt_AVR8.o
                                                  ../../../../LUFA/Drivers/USB/Core/AVR8/USBController_AVR8.o
USB_Device_CurrentlySelfPowered                   ../../../../LUFA/Drivers/USB/Core/DeviceStandardReq.o
                                                  ../../../../LUFA/Drivers/USB/Core/AVR8/USBController_AVR8.o
USB_Device_ProcessControlRequest                  ../../../../LUFA/Drivers/USB/Core/DeviceStandardReq.o
                                                  ../../../../LUFA/Drivers/USB/Core/USBTask.o
USB_Device_RemoteWakeupEnabled                    ../../../../LUFA/Drivers/USB/Core/DeviceStandardReq.o
                                                  ../../../../LUFA/Drivers/USB/Core/AVR8/USBController_AVR8.o
USB_Device_SendRemoteWakeup                       ../../../../LUFA/Drivers/USB/Core/AVR8/Device_AVR8.o
USB_Disable                                       ../../../../LUFA/Drivers/USB/Core/AVR8/USBController_AVR8.o
USB_Event_Stub                                    ../../../../LUFA/Drivers/USB/Core/Events.o
USB_GetHIDReportItemInfo                          ../../../../LUFA/Drivers/USB/Class/Common/HIDParser.o
USB_GetHIDReportSize                              ../../../../LUFA/Drivers/USB/Class/Common/HIDParser.o
USB_GetNextDescriptorComp                         ../../../../LUFA/Drivers/USB/Core/ConfigDescriptors.o
USB_GetNextDescriptorOfType                       ../../../../LUFA/Drivers/USB/Core/ConfigDescriptors.o
USB_GetNextDescriptorOfTypeAfter                  ../../../../LUFA/Drivers/USB/Core/ConfigDescriptors.o
USB_GetNextDescriptorOfTypeBefore                 ../../../../LUFA/Drivers/USB/Core/ConfigDescriptors.o
USB_INT_ClearAllInterrupts                        ../../../../LUFA/Drivers/USB/Core/AVR8/USBInterrupt_AVR8.o
                                                  ../../../../LUFA/Drivers/USB/Core/AVR8/USBController_AVR8.o
USB_INT_DisableAllInterrupts                      ../../../../LUFA/Drivers/USB/Core/AVR8/USBInterrupt_AVR8.o
                                                  ../../../../LUFA/Drivers/USB/Core/AVR8/USBController_AVR8.o
USB_Init                                          ../../../../LUFA/Drivers/USB/Core/AVR8/USBController_AVR8.o
                                                  GenericHID.o
USB_IsInitialized                                 ../../../../LUFA/Drivers/USB/Core/USBTask.o
                                                  ../../../../LUFA/Drivers/USB/Core/AVR8/USBController_AVR8.o
USB_ProcessHIDReport                              ../../../../LUFA/Drivers/USB/Class/Common/HIDParser.o
USB_ResetInterface                                ../../../../LUFA/Drivers/USB/Core/AVR8/USBController_AVR8.o
USB_SetHIDReportItemInfo                          ../../../../LUFA/Drivers/USB/Class/Common/HIDParser.o
USB_USBTask                                       ../../../../LUFA/Drivers/USB/Core/USBTask.o
                                                  ../../../../LUFA/Drivers/USB/Class/Device/PrinterClassDevice.o
                                                  ../../../../LUFA/Drivers/USB/Class/Device/MassStorageClassDevice.o
                                                  ../../../../LUFA/Drivers/USB/Class/Device/CDCClassDevice.o
                                                  ../../../../LUFA/Drivers/USB/Core/AVR8/EndpointStream_AVR8.o
                                                  GenericHID.o
__bad_interrupt                                   c:/winavr-20100110/bin/../lib/gcc/avr/4.3.3/../../../../avr/lib/avr5/crtm32u4.o
__bss_end                                         c:/winavr-20100110/bin/../lib/gcc/avr/4.3.3/avr5\libgcc.a(_clear_bss.o)
__bss_start                                       c:/winavr-20100110/bin/../lib/gcc/avr/4.3.3/avr5\libgcc.a(_clear_bss.o)
__data_end                                        c:/winavr-20100110/bin/../lib/gcc/avr/4.3.3/avr5\libgcc.a(_copy_data.o)
__data_load_start                                 c:/winavr-20100110/bin/../lib/gcc/avr/4.3.3/avr5\libgcc.a(_copy_data.o)
__data_start                                      c:/winavr-20100110/bin/../lib/gcc/avr/4.3.3/avr5\libgcc.a(_copy_data.o)
__divmodsi4                                       c:/winavr-20100110/bin/../lib/gcc/avr/4.3.3/avr5\libgcc.a(_divmodsi4.o)
                                                  GenericHID.o
__do_clear_bss                                    c:/winavr-20100110/bin/../lib/gcc/avr/4.3.3/avr5\libgcc.a(_clear_bss.o)
                                                  ../../../../LUFA/Drivers/USB/Core/USBTask.o
                                                  ../../../../LUFA/Drivers/USB/Core/DeviceStandardReq.o
                                                  GenericHID.o
__do_copy_data                                    c:/winavr-20100110/bin/../lib/gcc/avr/4.3.3/avr5\libgcc.a(_copy_data.o)
                                                  ../../../../LUFA/Drivers/USB/Class/Device/RNDISClassDevice.o
                                                  ../../../../LUFA/Drivers/USB/Class/Device/CDCClassDevice.o
                                                  GenericHID.o
__eerd_byte_m32u4                                 c:/winavr-20100110/bin/../lib/gcc/avr/4.3.3/../../../../avr/lib/avr5\libc.a(eerd_byte_atmega32u4.o)
                                                  ../../../../LUFA/Drivers/USB/Core/AVR8/EndpointStream_AVR8.o
__eeupd_byte_m32u4                                c:/winavr-20100110/bin/../lib/gcc/avr/4.3.3/../../../../avr/lib/avr5\libc.a(eeupd_byte_atmega32u4.o)
                                                  ../../../../LUFA/Drivers/USB/Core/AVR8/EndpointStream_AVR8.o
__eeupd_r18_m32u4                                 c:/winavr-20100110/bin/../lib/gcc/avr/4.3.3/../../../../avr/lib/avr5\libc.a(eeupd_byte_atmega32u4.o)
__heap_end                                        c:/winavr-20100110/bin/../lib/gcc/avr/4.3.3/../../../../avr/lib/avr5/crtm32u4.o
__init                                            c:/winavr-20100110/bin/../lib/gcc/avr/4.3.3/../../../../avr/lib/avr5/crtm32u4.o
__stack                                           c:/winavr-20100110/bin/../lib/gcc/avr/4.3.3/../../../../avr/lib/avr5/crtm32u4.o
__udivmodsi4                                      c:/winavr-20100110/bin/../lib/gcc/avr/4.3.3/avr5\libgcc.a(_udivmodsi4.o)
                                                  c:/winavr-20100110/bin/../lib/gcc/avr/4.3.3/avr5\libgcc.a(_divmodsi4.o)
__vector_1                                        c:/winavr-20100110/bin/../lib/gcc/avr/4.3.3/../../../../avr/lib/avr5/crtm32u4.o
__vector_10                                       ../../../../LUFA/Drivers/USB/Core/AVR8/USBInterrupt_AVR8.o
                                                  c:/winavr-20100110/bin/../lib/gcc/avr/4.3.3/../../../../avr/lib/avr5/crtm32u4.o
__vector_11                                       c:/winavr-20100110/bin/../lib/gcc/avr/4.3.3/../../../../avr/lib/avr5/crtm32u4.o
__vector_12                                       c:/winavr-20100110/bin/../lib/gcc/avr/4.3.3/../../../../avr/lib/avr5/crtm32u4.o
__vector_13                                       c:/winavr-20100110/bin/../lib/gcc/avr/4.3.3/../../../../avr/lib/avr5/crtm32u4.o
__vector_14                                       c:/winavr-20100110/bin/../lib/gcc/avr/4.3.3/../../../../avr/lib/avr5/crtm32u4.o
__vector_15                                       c:/winavr-20100110/bin/../lib/gcc/avr/4.3.3/../../../../avr/lib/avr5/crtm32u4.o
__vector_16                                       c:/winavr-20100110/bin/../lib/gcc/avr/4.3.3/../../../../avr/lib/avr5/crtm32u4.o
__vector_17                                       c:/winavr-20100110/bin/../lib/gcc/avr/4.3.3/../../../../avr/lib/avr5/crtm32u4.o
__vector_18                                       c:/winavr-20100110/bin/../lib/gcc/avr/4.3.3/../../../../avr/lib/avr5/crtm32u4.o
__vector_19                                       c:/winavr-20100110/bin/../lib/gcc/avr/4.3.3/../../../../avr/lib/avr5/crtm32u4.o
__vector_2                                        c:/winavr-20100110/bin/../lib/gcc/avr/4.3.3/../../../../avr/lib/avr5/crtm32u4.o
__vector_20                                       c:/winavr-20100110/bin/../lib/gcc/avr/4.3.3/../../../../avr/lib/avr5/crtm32u4.o
__vector_21                                       c:/winavr-20100110/bin/../lib/gcc/avr/4.3.3/../../../../avr/lib/avr5/crtm32u4.o
__vector_22                                       c:/winavr-20100110/bin/../lib/gcc/avr/4.3.3/../../../../avr/lib/avr5/crtm32u4.o
__vector_23                                       c:/winavr-20100110/bin/../lib/gcc/avr/4.3.3/../../../../avr/lib/avr5/crtm32u4.o
__vector_24                                       c:/winavr-20100110/bin/../lib/gcc/avr/4.3.3/../../../../avr/lib/avr5/crtm32u4.o
__vector_25                                       c:/winavr-20100110/bin/../lib/gcc/avr/4.3.3/../../../../avr/lib/avr5/crtm32u4.o
__vector_26                                       c:/winavr-20100110/bin/../lib/gcc/avr/4.3.3/../../../../avr/lib/avr5/crtm32u4.o
__vector_27                                       c:/winavr-20100110/bin/../lib/gcc/avr/4.3.3/../../../../avr/lib/avr5/crtm32u4.o
__vector_28                                       c:/winavr-20100110/bin/../lib/gcc/avr/4.3.3/../../../../avr/lib/avr5/crtm32u4.o
__vector_29                                       c:/winavr-20100110/bin/../lib/gcc/avr/4.3.3/../../../../avr/lib/avr5/crtm32u4.o
__vector_3                                        c:/winavr-20100110/bin/../lib/gcc/avr/4.3.3/../../../../avr/lib/avr5/crtm32u4.o
__vector_30                                       c:/winavr-20100110/bin/../lib/gcc/avr/4.3.3/../../../../avr/lib/avr5/crtm32u4.o
__vector_31                                       c:/winavr-20100110/bin/../lib/gcc/avr/4.3.3/../../../../avr/lib/avr5/crtm32u4.o
__vector_32                                       c:/winavr-20100110/bin/../lib/gcc/avr/4.3.3/../../../../avr/lib/avr5/crtm32u4.o
__vector_33                                       c:/winavr-20100110/bin/../lib/gcc/avr/4.3.3/../../../../avr/lib/avr5/crtm32u4.o
__vector_34                                       c:/winavr-20100110/bin/../lib/gcc/avr/4.3.3/../../../../avr/lib/avr5/crtm32u4.o
__vector_35                                       c:/winavr-20100110/bin/../lib/gcc/avr/4.3.3/../../../../avr/lib/avr5/crtm32u4.o
__vector_36                                       c:/winavr-20100110/bin/../lib/gcc/avr/4.3.3/../../../../avr/lib/avr5/crtm32u4.o
__vector_37                                       c:/winavr-20100110/bin/../lib/gcc/avr/4.3.3/../../../../avr/lib/avr5/crtm32u4.o
__vector_38                                       c:/winavr-20100110/bin/../lib/gcc/avr/4.3.3/../../../../avr/lib/avr5/crtm32u4.o
__vector_39                                       c:/winavr-20100110/bin/../lib/gcc/avr/4.3.3/../../../../avr/lib/avr5/crtm32u4.o
__vector_4                                        c:/winavr-20100110/bin/../lib/gcc/avr/4.3.3/../../../../avr/lib/avr5/crtm32u4.o
__vector_40                                       c:/winavr-20100110/bin/../lib/gcc/avr/4.3.3/../../../../avr/lib/avr5/crtm32u4.o
__vector_41                                       c:/winavr-20100110/bin/../lib/gcc/avr/4.3.3/../../../../avr/lib/avr5/crtm32u4.o
__vector_42                                       c:/winavr-20100110/bin/../lib/gcc/avr/4.3.3/../../../../avr/lib/avr5/crtm32u4.o
__vector_5                                        c:/winavr-20100110/bin/../lib/gcc/avr/4.3.3/../../../../avr/lib/avr5/crtm32u4.o
__vector_6                                        c:/winavr-20100110/bin/../lib/gcc/avr/4.3.3/../../../../avr/lib/avr5/crtm32u4.o
__vector_7                                        c:/winavr-20100110/bin/../lib/gcc/avr/4.3.3/../../../../avr/lib/avr5/crtm32u4.o
__vector_8                                        c:/winavr-20100110/bin/../lib/gcc/avr/4.3.3/../../../../avr/lib/avr5/crtm32u4.o
__vector_9                                        c:/winavr-20100110/bin/../lib/gcc/avr/4.3.3/../../../../avr/lib/avr5/crtm32u4.o
__vector_default                                  c:/winavr-20100110/bin/../lib/gcc/avr/4.3.3/../../../../avr/lib/avr5/crtm32u4.o
__vectors                                         c:/winavr-20100110/bin/../lib/gcc/avr/4.3.3/../../../../avr/lib/avr5/crtm32u4.o
_exit                                             c:/winavr-20100110/bin/../lib/gcc/avr/4.3.3/avr5\libgcc.a(_exit.o)
b                                                 GenericHID.o
exit                                              c:/winavr-20100110/bin/../lib/gcc/avr/4.3.3/avr5\libgcc.a(_exit.o)
                                                  c:/winavr-20100110/bin/../lib/gcc/avr/4.3.3/../../../../avr/lib/avr5/crtm32u4.o
i                                                 GenericHID.o
lednum                                            GenericHID.o
main                                              GenericHID.o
                                                  c:/winavr-20100110/bin/../lib/gcc/avr/4.3.3/../../../../avr/lib/avr5/crtm32u4.o
memcmp                                            c:/winavr-20100110/bin/../lib/gcc/avr/4.3.3/../../../../avr/lib/avr5\libc.a(memcmp.o)
                                                  ../../../../LUFA/Drivers/USB/Class/Device/HIDClassDevice.o
memcpy                                            c:/winavr-20100110/bin/../lib/gcc/avr/4.3.3/../../../../avr/lib/avr5\libc.a(memcpy.o)
                                                  ../../../../LUFA/Drivers/USB/Class/Device/RNDISClassDevice.o
                                                  ../../../../LUFA/Drivers/USB/Class/Device/HIDClassDevice.o
memcpy_P                                          c:/winavr-20100110/bin/../lib/gcc/avr/4.3.3/../../../../avr/lib/avr5\libc.a(memcpy_P.o)
                                                  ../../../../LUFA/Drivers/USB/Class/Device/RNDISClassDevice.o
memset                                            c:/winavr-20100110/bin/../lib/gcc/avr/4.3.3/../../../../avr/lib/avr5\libc.a(memset.o)
                                                  ../../../../LUFA/Drivers/USB/Class/Device/HIDClassDevice.o
once                                              GenericHID.o
spi_transfer                                      GenericHID.o
